#
# There is insufficient memory for the Java Runtime Environment to continue.
# Native memory allocation (mmap) failed to map 266338304 bytes for G1 virtual space
# Possible reasons:
#   The system is out of physical RAM or swap space
#   The process is running with CompressedOops enabled, and the Java Heap may be blocking the growth of the native heap
# Possible solutions:
#   Reduce memory load on the system
#   Increase physical memory or swap space
#   Check if swap backing store is full
#   Decrease Java heap size (-Xmx/-Xms)
#   Decrease number of Java threads
#   Decrease Java thread stack sizes (-Xss)
#   Set larger code cache with -XX:ReservedCodeCacheSize=
#   JVM is running with Zero Based Compressed Oops mode in which the Java heap is
#     placed in the first 32GB address space. The Java Heap base address is the
#     maximum limit for the native heap growth. Please use -XX:HeapBaseMinAddress
#     to set the Java Heap base and to place the Java Heap above 32GB virtual address.
# This output file may be truncated or incomplete.
#
#  Out of Memory Error (os_windows.cpp:3603), pid=15060, tid=18304
#
# JRE version:  (21.0.8+12) (build )
# Java VM: Java HotSpot(TM) 64-Bit Server VM (21.0.8+12-LTS-250, mixed mode, sharing, tiered, compressed oops, compressed class ptrs, g1 gc, windows-amd64)
# No core dump will be written. Minidumps are not enabled by default on client versions of Windows
#

---------------  S U M M A R Y ------------

Command Line: -Dnet.bytebuddy.agent.attacher.dump= net.bytebuddy.agent.Attacher com.sun.tools.attach.VirtualMachine 14596 C:\Users\jgalves\.m2\repository\net\bytebuddy\byte-buddy-agent\1.17.8\byte-buddy-agent-1.17.8.jar false 

Host: Intel(R) Core(TM) i5-10500T CPU @ 2.30GHz, 12 cores, 15G,  Windows 11 , 64 bit Build 26100 (10.0.26100.7019)
Time: Thu May 14 16:09:30 2026 Hora oficial do Brasil elapsed time: 0.015245 seconds (0d 0h 0m 0s)

---------------  T H R E A D  ---------------

Current thread (0x000001a5ed259940):  JavaThread "Unknown thread" [_thread_in_vm, id=18304, stack(0x0000003329700000,0x0000003329800000) (1024K)]

Stack: [0x0000003329700000,0x0000003329800000]
Native frames: (J=compiled Java code, j=interpreted, Vv=VM code, C=native code)
V  [jvm.dll+0x6cc179]
V  [jvm.dll+0x8584c1]
V  [jvm.dll+0x85a9ee]
V  [jvm.dll+0x85b0c3]
V  [jvm.dll+0x27ebf6]
V  [jvm.dll+0x6c88f5]
V  [jvm.dll+0x6bd45a]
V  [jvm.dll+0x354b1a]
V  [jvm.dll+0x35c796]
V  [jvm.dll+0x3af85e]
V  [jvm.dll+0x3afb08]
V  [jvm.dll+0x328e2c]
V  [jvm.dll+0x32998b]
V  [jvm.dll+0x821879]
V  [jvm.dll+0x3bc541]
V  [jvm.dll+0x80aaf8]
V  [jvm.dll+0x45172e]
V  [jvm.dll+0x453321]
C  [jli.dll+0x52a3]
C  [ucrtbase.dll+0x37b0]
C  [KERNEL32.DLL+0x2e8d7]
C  [ntdll.dll+0x8c53c]


---------------  P R O C E S S  ---------------

Threads class SMR info:
_java_thread_list=0x00007ff995fbfc48, length=0, elements={
}

Java Threads: ( => current thread )
Total: 0

Other Threads:
  0x000001a5ed2bbf10 WorkerThread "GC Thread#0"                     [id=21420, stack(0x0000003329800000,0x0000003329900000) (1024K)]
  0x000001a5ed2cd890 ConcurrentGCThread "G1 Main Marker"            [id=3996, stack(0x0000003329900000,0x0000003329a00000) (1024K)]
  0x000001a5ed2ceeb0 WorkerThread "G1 Conc#0"                       [id=6732, stack(0x0000003329a00000,0x0000003329b00000) (1024K)]

[error occurred during error reporting (printing all threads), id 0xc0000005, EXCEPTION_ACCESS_VIOLATION (0xc0000005) at pc=0x00007ff99572b5b7]
VM state: not at safepoint (not fully initialized)

VM Mutex/Monitor currently owned by a thread:  ([mutex/lock_event])
[0x00007ff996030f50] Heap_lock - owner thread: 0x000001a5ed259940

Heap address: 0x0000000703e00000, size: 4034 MB, Compressed Oops mode: Zero based, Oop shift amount: 3

CDS archive(s) mapped at: [0x0000000000000000-0x0000000000000000-0x0000000000000000), size 0, SharedBaseAddress: 0x0000000800000000, ArchiveRelocationMode: 1.
Narrow klass base: 0x0000000000000000, Narrow klass shift: 0, Narrow klass range: 0x0

GC Precious Log:
 CardTable entry size: 512
 Card Set container configuration: InlinePtr #cards 4 size 8 Array Of Cards #cards 16 size 48 Howl #buckets 8 coarsen threshold 3686 Howl Bitmap #cards 512 size 80 coarsen threshold 460 Card regions per heap region 1 cards per card region 4096

Heap:
 garbage-first heap   total 0K, used 0K [0x0000000703e00000, 0x0000000800000000)
  region size 2048K, 0 young (0K), 0 survivors (0K)

[error occurred during error reporting (printing heap information), id 0xc0000005, EXCEPTION_ACCESS_VIOLATION (0xc0000005) at pc=0x00007ff995b151e9]
GC Heap History (0 events):
No events

Dll operation events (1 events):
Event: 0.010 Loaded shared library C:\Program Files\Java\jdk-21\bin\java.dll

Deoptimization events (0 events):
No events

Classes loaded (0 events):
No events

Classes unloaded (0 events):
No events

Classes redefined (0 events):
No events

Internal exceptions (0 events):
No events

ZGC Phase Switch (0 events):
No events

VM Operations (0 events):
No events

Events (0 events):
No events


Dynamic libraries:
0x00007ff6a9d40000 - 0x00007ff6a9d50000 	C:\Program Files\Java\jdk-21\bin\java.exe
0x00007ffa07340000 - 0x00007ffa075a8000 	C:\WINDOWS\SYSTEM32\ntdll.dll
0x00007ffa067d0000 - 0x00007ffa06899000 	C:\WINDOWS\System32\KERNEL32.DLL
0x00007ffa04a20000 - 0x00007ffa04e18000 	C:\WINDOWS\System32\KERNELBASE.dll
0x00007ffa04760000 - 0x00007ffa048ab000 	C:\WINDOWS\System32\ucrtbase.dll
0x00007ff9f98a0000 - 0x00007ff9f98bb000 	C:\Program Files\Java\jdk-21\bin\VCRUNTIME140.dll
0x00007ff9ff270000 - 0x00007ff9ff289000 	C:\Program Files\Java\jdk-21\bin\jli.dll
0x00007ffa068b0000 - 0x00007ffa06964000 	C:\WINDOWS\System32\ADVAPI32.dll
0x00007ffa05cc0000 - 0x00007ffa05d69000 	C:\WINDOWS\System32\msvcrt.dll
0x00007ffa06720000 - 0x00007ffa067c6000 	C:\WINDOWS\System32\sechost.dll
0x00007ffa06a40000 - 0x00007ffa06b58000 	C:\WINDOWS\System32\RPCRT4.dll
0x00007ffa050e0000 - 0x00007ffa052a7000 	C:\WINDOWS\System32\USER32.dll
0x00007ffa04730000 - 0x00007ffa04757000 	C:\WINDOWS\System32\win32u.dll
0x00007ff9f0ba0000 - 0x00007ff9f0e34000 	C:\WINDOWS\WinSxS\amd64_microsoft.windows.common-controls_6595b64144ccf1df_6.0.26100.7019_none_3e06ffa0e335b8a8\COMCTL32.dll
0x00007ffa05bd0000 - 0x00007ffa05bfb000 	C:\WINDOWS\System32\GDI32.dll
0x00007ffa04540000 - 0x00007ffa0466c000 	C:\WINDOWS\System32\gdi32full.dll
0x00007ffa04eb0000 - 0x00007ffa04f53000 	C:\WINDOWS\System32\msvcp_win.dll
0x00007ff9fbf50000 - 0x00007ff9fbf5b000 	C:\WINDOWS\SYSTEM32\VERSION.dll
0x00007ffa05c00000 - 0x00007ffa05c31000 	C:\WINDOWS\System32\IMM32.DLL
0x00007ffa01160000 - 0x00007ffa0116c000 	C:\Program Files\Java\jdk-21\bin\vcruntime140_1.dll
0x00007ff9dd490000 - 0x00007ff9dd51e000 	C:\Program Files\Java\jdk-21\bin\msvcp140.dll
0x00007ff9953f0000 - 0x00007ff99610d000 	C:\Program Files\Java\jdk-21\bin\server\jvm.dll
0x00007ffa066a0000 - 0x00007ffa06714000 	C:\WINDOWS\System32\WS2_32.dll
0x00007ffa042f0000 - 0x00007ffa0434e000 	C:\WINDOWS\SYSTEM32\POWRPROF.dll
0x00007ff9f10d0000 - 0x00007ff9f1105000 	C:\WINDOWS\SYSTEM32\WINMM.dll
0x00007ffa042d0000 - 0x00007ffa042e4000 	C:\WINDOWS\SYSTEM32\UMPDC.dll
0x00007ffa030e0000 - 0x00007ffa030fb000 	C:\WINDOWS\SYSTEM32\kernel.appcore.dll
0x00007ff9f99b0000 - 0x00007ff9f99ba000 	C:\Program Files\Java\jdk-21\bin\jimage.dll
0x00007ff9d7370000 - 0x00007ff9d75b2000 	C:\WINDOWS\SYSTEM32\DBGHELP.DLL
0x00007ffa06f70000 - 0x00007ffa072fb000 	C:\WINDOWS\System32\combase.dll
0x00007ffa05ad0000 - 0x00007ffa05ba7000 	C:\WINDOWS\System32\OLEAUT32.dll
0x00007ff9d5030000 - 0x00007ff9d506c000 	C:\WINDOWS\SYSTEM32\dbgcore.DLL
0x00007ffa04490000 - 0x00007ffa04535000 	C:\WINDOWS\System32\bcryptPrimitives.dll
0x00007ff9f3210000 - 0x00007ff9f322f000 	C:\Program Files\Java\jdk-21\bin\java.dll

dbghelp: loaded successfully - version: 4.0.5 - missing functions: none
symbol engine: initialized successfully - sym options: 0x614 - pdb path: .;C:\Program Files\Java\jdk-21\bin;C:\WINDOWS\SYSTEM32;C:\WINDOWS\WinSxS\amd64_microsoft.windows.common-controls_6595b64144ccf1df_6.0.26100.7019_none_3e06ffa0e335b8a8;C:\Program Files\Java\jdk-21\bin\server

VM Arguments:
jvm_args: -Dnet.bytebuddy.agent.attacher.dump= 
java_command: net.bytebuddy.agent.Attacher com.sun.tools.attach.VirtualMachine 14596 C:\Users\jgalves\.m2\repository\net\bytebuddy\byte-buddy-agent\1.17.8\byte-buddy-agent-1.17.8.jar false 
java_class_path (initial): C:\Users\jgalves\.m2\repository\net\bytebuddy\byte-buddy-agent\1.17.8\byte-buddy-agent-1.17.8.jar
Launcher Type: SUN_STANDARD

[Global flags]
     intx CICompilerCount                          = 4                                         {product} {ergonomic}
     uint ConcGCThreads                            = 3                                         {product} {ergonomic}
     uint G1ConcRefinementThreads                  = 10                                        {product} {ergonomic}
   size_t G1HeapRegionSize                         = 2097152                                   {product} {ergonomic}
    uintx GCDrainStackTargetSize                   = 64                                        {product} {ergonomic}
   size_t InitialHeapSize                          = 266338304                                 {product} {ergonomic}
   size_t MarkStackSize                            = 4194304                                   {product} {ergonomic}
   size_t MaxHeapSize                              = 4229955584                                {product} {ergonomic}
   size_t MinHeapDeltaBytes                        = 2097152                                   {product} {ergonomic}
   size_t MinHeapSize                              = 8388608                                   {product} {ergonomic}
    uintx NonNMethodCodeHeapSize                   = 5839372                                {pd product} {ergonomic}
    uintx NonProfiledCodeHeapSize                  = 122909434                              {pd product} {ergonomic}
    uintx ProfiledCodeHeapSize                     = 122909434                              {pd product} {ergonomic}
    uintx ReservedCodeCacheSize                    = 251658240                              {pd product} {ergonomic}
     bool SegmentedCodeCache                       = true                                      {product} {ergonomic}
   size_t SoftMaxHeapSize                          = 4229955584                             {manageable} {ergonomic}
     bool UseCompressedOops                        = true                           {product lp64_product} {ergonomic}
     bool UseG1GC                                  = true                                      {product} {ergonomic}
     bool UseLargePagesIndividualAllocation        = false                                  {pd product} {ergonomic}

Logging:
Log output configuration:
 #0: stdout all=warning uptime,level,tags foldmultilines=false
 #1: stderr all=off uptime,level,tags foldmultilines=false

Environment Variables:
JAVA_HOME=C:\Program Files\Java\jdk-21
PATH=C:\Program Files\Common Files\Oracle\Java\javapath;C:\WINDOWS\system32;C:\WINDOWS;C:\WINDOWS\System32\Wbem;C:\WINDOWS\System32\WindowsPowerShell\v1.0\;C:\WINDOWS\System32\OpenSSH\;C:\Program Files\Microsoft SQL Server\150\Tools\Binn\;C:\Program Files\dotnet\;C:\Program Files\nodejs\;C:\Users\jgalves\AppData\Local\nvm;C:\nvm4w\nodejs;C:\Program Files\Docker\Docker\resources\bin;C:\Program Files\CMake\bin;C:\Program Files (x86)\Windows Kits\10\Windows Performance Toolkit\;C:\Program Files\Common Files\Oracle\Java\javapath;C:\WINDOWS\system32;C:\WINDOWS;C:\WINDOWS\System32\Wbem;C:\WINDOWS\System32\WindowsPowerShell\v1.0\;C:\WINDOWS\System32\OpenSSH\;C:\Program Files\Microsoft SQL Server\150\Tools\Binn\;C:\Program Files\Microsoft SQL Server\Client SDK\ODBC\170\Tools\Binn\;C:\Program Files\dotnet\;C:\Program Files (x86)\Windows Kits\10\Windows Performance Toolkit\;C:\Program Files\nodejs\;C:\Users\jgalves\AppData\Local\nvm;C:\nvm4w\nodejs;C:\Program Files\Docker\Docker\resources\bin;C:\Users\jgalves\AppData\Local\Microsoft\WindowsApps;C:\Users\jgalves\AppData\Local\Programs\Microsoft VS Code\bin;C:\Users\jgalves\AppData\Local\Programs\Git\cmd;C:\maven\mvn\bin;C:\Program Files\Java\jdk-21;C:\Users\jgalves\AppData\Roaming\npm;C:\Users\jgalves\AppData\Local\nvm;C:\nvm4w\nodejs;C:\Users\jgalves\.dotnet\tools;C:\Users\jgalves\AppData\Local\Android\sdk\platform-tools;C:\Users\jgalves\AppData\Local\Pub\Cache\bin;
USERNAME=jgalves
OS=Windows_NT
PROCESSOR_IDENTIFIER=Intel64 Family 6 Model 165 Stepping 3, GenuineIntel
TMP=C:\Users\jgalves\AppData\Local\Temp
TEMP=C:\Users\jgalves\AppData\Local\Temp




Periodic native trim disabled

---------------  S Y S T E M  ---------------

OS:
 Windows 11 , 64 bit Build 26100 (10.0.26100.7019)
OS uptime: 0 days 8:19 hours
Hyper-V role detected

CPU: total 12 (initial active 12) (6 cores per cpu, 2 threads per core) family 6 model 165 stepping 3 microcode 0x100, cx8, cmov, fxsr, ht, mmx, 3dnowpref, sse, sse2, sse3, ssse3, sse4.1, sse4.2, popcnt, lzcnt, tsc, tscinvbit, avx, avx2, aes, erms, clmul, bmi1, bmi2, adx, fma, vzeroupper, clflush, clflushopt, hv, rdtscp, f16c
Processor Information for all 12 processors :
  Max Mhz: 2301, Current Mhz: 2300, Mhz Limit: 2277

Memory: 4k page, system-wide physical 16131M (2591M free)
TotalPageFile size 18653M (AvailPageFile size 141M)
current process WorkingSet (physical memory assigned to process): 12M, peak: 12M
current process commit charge ("private bytes"): 64M, peak: 318M

vm_info: Java HotSpot(TM) 64-Bit Server VM (21.0.8+12-LTS-250) for windows-amd64 JRE (21.0.8+12-LTS-250), built on 2025-06-27T08:11:22Z by "mach5one" with MS VC++ 17.6 (VS2022)

END.
