#
# There is insufficient memory for the Java Runtime Environment to continue.
# Native memory allocation (malloc) failed to allocate 32744 bytes for Chunk::new
# Possible reasons:
#   The system is out of physical RAM or swap space
#   The process is running with CompressedOops enabled, and the Java Heap may be blocking the growth of the native heap
# Possible solutions:
#   Reduce memory load on the system
#   Increase physical memory or swap space
#   Check if swap backing store is full
#   Decrease Java heap size (-Xmx/-Xms)
#   Decrease number of Java threads
#   Decrease Java thread stack sizes (-Xss)
#   Set larger code cache with -XX:ReservedCodeCacheSize=
#   JVM is running with Zero Based Compressed Oops mode in which the Java heap is
#     placed in the first 32GB address space. The Java Heap base address is the
#     maximum limit for the native heap growth. Please use -XX:HeapBaseMinAddress
#     to set the Java Heap base and to place the Java Heap above 32GB virtual address.
# This output file may be truncated or incomplete.
#
#  Out of Memory Error (arena.cpp:168), pid=19940, tid=5404
#
# JRE version: Java(TM) SE Runtime Environment (21.0.8+12) (build 21.0.8+12-LTS-250)
# Java VM: Java HotSpot(TM) 64-Bit Server VM (21.0.8+12-LTS-250, mixed mode, sharing, tiered, compressed oops, compressed class ptrs, g1 gc, windows-amd64)
# No core dump will be written. Minidumps are not enabled by default on client versions of Windows
#

---------------  S U M M A R Y ------------

Command Line: -Dnet.bytebuddy.agent.attacher.dump= net.bytebuddy.agent.Attacher com.sun.tools.attach.VirtualMachine 4024 C:\Users\jgalves\.m2\repository\net\bytebuddy\byte-buddy-agent\1.17.8\byte-buddy-agent-1.17.8.jar false 

Host: Intel(R) Core(TM) i5-10500T CPU @ 2.30GHz, 12 cores, 15G,  Windows 11 , 64 bit Build 26100 (10.0.26100.7019)
Time: Thu May 14 16:06:27 2026 Hora oficial do Brasil elapsed time: 0.113208 seconds (0d 0h 0m 0s)

---------------  T H R E A D  ---------------

Current thread (0x000001887dbeb040):  JavaThread "C2 CompilerThread0" daemon [_thread_in_vm, id=5404, stack(0x0000001566b00000,0x0000001566c00000) (1024K)]


Current CompileTask:
C2:    113  228   !   4       java.nio.DirectByteBuffer::get (34 bytes)

Stack: [0x0000001566b00000,0x0000001566c00000]
Native frames: (J=compiled Java code, j=interpreted, Vv=VM code, C=native code)
V  [jvm.dll+0x6cc179]
V  [jvm.dll+0x8584c1]
V  [jvm.dll+0x85a9ee]
V  [jvm.dll+0x85b0c3]
V  [jvm.dll+0x27ebf6]
V  [jvm.dll+0xc4f4d]
V  [jvm.dll+0xc5483]
V  [jvm.dll+0x1fa9cb]
V  [jvm.dll+0x1e62c3]
V  [jvm.dll+0x2561e6]
V  [jvm.dll+0x2548ea]
V  [jvm.dll+0x3efef6]
V  [jvm.dll+0x80279b]
V  [jvm.dll+0x6ca85d]
C  [ucrtbase.dll+0x37b0]
C  [KERNEL32.DLL+0x2e8d7]
C  [ntdll.dll+0x8c53c]


---------------  P R O C E S S  ---------------

Threads class SMR info:
_java_thread_list=0x000001887df04120, length=12, elements={
0x000001886ce99500, 0x000001887dbc4eb0, 0x000001887dbca830, 0x000001887dbd14a0,
0x000001887dbd1ef0, 0x000001887dbd5670, 0x000001887dbd6de0, 0x000001887dbeb040,
0x000001887dbec7f0, 0x000001887dea7f90, 0x000001887ded8e50, 0x000001887df1c0a0
}

Java Threads: ( => current thread )
  0x000001886ce99500 JavaThread "main"                              [_thread_in_Java, id=8636, stack(0x0000001565d00000,0x0000001565e00000) (1024K)]
  0x000001887dbc4eb0 JavaThread "Reference Handler"          daemon [_thread_blocked, id=21068, stack(0x0000001566500000,0x0000001566600000) (1024K)]
  0x000001887dbca830 JavaThread "Finalizer"                  daemon [_thread_blocked, id=132, stack(0x0000001566600000,0x0000001566700000) (1024K)]
  0x000001887dbd14a0 JavaThread "Signal Dispatcher"          daemon [_thread_blocked, id=20984, stack(0x0000001566700000,0x0000001566800000) (1024K)]
  0x000001887dbd1ef0 JavaThread "Attach Listener"            daemon [_thread_blocked, id=20860, stack(0x0000001566800000,0x0000001566900000) (1024K)]
  0x000001887dbd5670 JavaThread "Service Thread"             daemon [_thread_blocked, id=18884, stack(0x0000001566900000,0x0000001566a00000) (1024K)]
  0x000001887dbd6de0 JavaThread "Monitor Deflation Thread"   daemon [_thread_blocked, id=19264, stack(0x0000001566a00000,0x0000001566b00000) (1024K)]
=>0x000001887dbeb040 JavaThread "C2 CompilerThread0"         daemon [_thread_in_vm, id=5404, stack(0x0000001566b00000,0x0000001566c00000) (1024K)]
  0x000001887dbec7f0 JavaThread "C1 CompilerThread0"         daemon [_thread_in_vm, id=3768, stack(0x0000001566c00000,0x0000001566d00000) (1024K)]
  0x000001887dea7f90 JavaThread "Notification Thread"        daemon [_thread_blocked, id=12260, stack(0x0000001566d00000,0x0000001566e00000) (1024K)]
  0x000001887ded8e50 JavaThread "Common-Cleaner"             daemon [_thread_blocked, id=17188, stack(0x0000001566e00000,0x0000001566f00000) (1024K)]
  0x000001887df1c0a0 JavaThread "C2 CompilerThread1"         daemon [_thread_blocked, id=18384, stack(0x0000001566f00000,0x0000001567000000) (1024K)]
Total: 12

Other Threads:
  0x000001887dbae590 VMThread "VM Thread"                           [id=10448, stack(0x0000001566400000,0x0000001566500000) (1024K)]
  0x000001887db989c0 WatcherThread "VM Periodic Task Thread"        [id=21244, stack(0x0000001566300000,0x0000001566400000) (1024K)]
  0x000001886cefc6c0 WorkerThread "GC Thread#0"                     [id=21660, stack(0x0000001565e00000,0x0000001565f00000) (1024K)]
  0x000001886cf0e130 ConcurrentGCThread "G1 Main Marker"            [id=21108, stack(0x0000001565f00000,0x0000001566000000) (1024K)]
  0x000001886cf0f3d0 WorkerThread "G1 Conc#0"                       [id=1224, stack(0x0000001566000000,0x0000001566100000) (1024K)]
  0x000001886cf5eb50 ConcurrentGCThread "G1 Refine#0"               [id=21192, stack(0x0000001566100000,0x0000001566200000) (1024K)]
  0x000001887da668f0 ConcurrentGCThread "G1 Service"                [id=18460, stack(0x0000001566200000,0x0000001566300000) (1024K)]
Total: 7

Threads with active compile tasks:
C2 CompilerThread0      131  228   !   4       java.nio.DirectByteBuffer::get (34 bytes)
C1 CompilerThread0      131  307       3       java.util.concurrent.locks.AbstractQueuedSynchronizer::release (19 bytes)
C2 CompilerThread1      131  317       4       java.util.concurrent.locks.AbstractQueuedSynchronizer::compareAndSetState (13 bytes)
Total: 3

VM state: not at safepoint (normal execution)

VM Mutex/Monitor currently owned by a thread: None

Heap address: 0x0000000703e00000, size: 4034 MB, Compressed Oops mode: Zero based, Oop shift amount: 3

CDS archive(s) mapped at: [0x000001880f000000-0x000001880fc90000-0x000001880fc90000), size 13172736, SharedBaseAddress: 0x000001880f000000, ArchiveRelocationMode: 1.
Compressed class space mapped at: 0x0000018810000000-0x0000018850000000, reserved size: 1073741824
Narrow klass base: 0x000001880f000000, Narrow klass shift: 0, Narrow klass range: 0x100000000

GC Precious Log:
 CardTable entry size: 512
 Card Set container configuration: InlinePtr #cards 4 size 8 Array Of Cards #cards 16 size 48 Howl #buckets 8 coarsen threshold 3686 Howl Bitmap #cards 512 size 80 coarsen threshold 460 Card regions per heap region 1 cards per card region 4096
 CPUs: 12 total, 12 available
 Memory: 16131M
 Large Page Support: Disabled
 NUMA Support: Disabled
 Compressed Oops: Enabled (Zero based)
 Heap Region Size: 2M
 Heap Min Capacity: 8M
 Heap Initial Capacity: 254M
 Heap Max Capacity: 4034M
 Pre-touch: Disabled
 Parallel Workers: 10
 Concurrent Workers: 3
 Concurrent Refinement Workers: 10
 Periodic GC: Disabled

Heap:
 garbage-first heap   total 260096K, used 2048K [0x0000000703e00000, 0x0000000800000000)
  region size 2048K, 2 young (4096K), 0 survivors (0K)
 Metaspace       used 869K, committed 1024K, reserved 1114112K
  class space    used 85K, committed 192K, reserved 1048576K

Heap Regions: E=young(eden), S=young(survivor), O=old, HS=humongous(starts), HC=humongous(continues), CS=collection set, F=free, TAMS=top-at-mark-start, PB=parsable bottom
|   0|0x0000000703e00000, 0x0000000703e00000, 0x0000000704000000|  0%| F|  |TAMS 0x0000000703e00000| PB 0x0000000703e00000| Untracked 
|   1|0x0000000704000000, 0x0000000704000000, 0x0000000704200000|  0%| F|  |TAMS 0x0000000704000000| PB 0x0000000704000000| Untracked 
|   2|0x0000000704200000, 0x0000000704200000, 0x0000000704400000|  0%| F|  |TAMS 0x0000000704200000| PB 0x0000000704200000| Untracked 
|   3|0x0000000704400000, 0x0000000704400000, 0x0000000704600000|  0%| F|  |TAMS 0x0000000704400000| PB 0x0000000704400000| Untracked 
|   4|0x0000000704600000, 0x0000000704600000, 0x0000000704800000|  0%| F|  |TAMS 0x0000000704600000| PB 0x0000000704600000| Untracked 
|   5|0x0000000704800000, 0x0000000704800000, 0x0000000704a00000|  0%| F|  |TAMS 0x0000000704800000| PB 0x0000000704800000| Untracked 
|   6|0x0000000704a00000, 0x0000000704a00000, 0x0000000704c00000|  0%| F|  |TAMS 0x0000000704a00000| PB 0x0000000704a00000| Untracked 
|   7|0x0000000704c00000, 0x0000000704c00000, 0x0000000704e00000|  0%| F|  |TAMS 0x0000000704c00000| PB 0x0000000704c00000| Untracked 
|   8|0x0000000704e00000, 0x0000000704e00000, 0x0000000705000000|  0%| F|  |TAMS 0x0000000704e00000| PB 0x0000000704e00000| Untracked 
|   9|0x0000000705000000, 0x0000000705000000, 0x0000000705200000|  0%| F|  |TAMS 0x0000000705000000| PB 0x0000000705000000| Untracked 
|  10|0x0000000705200000, 0x0000000705200000, 0x0000000705400000|  0%| F|  |TAMS 0x0000000705200000| PB 0x0000000705200000| Untracked 
|  11|0x0000000705400000, 0x0000000705400000, 0x0000000705600000|  0%| F|  |TAMS 0x0000000705400000| PB 0x0000000705400000| Untracked 
|  12|0x0000000705600000, 0x0000000705600000, 0x0000000705800000|  0%| F|  |TAMS 0x0000000705600000| PB 0x0000000705600000| Untracked 
|  13|0x0000000705800000, 0x0000000705800000, 0x0000000705a00000|  0%| F|  |TAMS 0x0000000705800000| PB 0x0000000705800000| Untracked 
|  14|0x0000000705a00000, 0x0000000705a00000, 0x0000000705c00000|  0%| F|  |TAMS 0x0000000705a00000| PB 0x0000000705a00000| Untracked 
|  15|0x0000000705c00000, 0x0000000705c00000, 0x0000000705e00000|  0%| F|  |TAMS 0x0000000705c00000| PB 0x0000000705c00000| Untracked 
|  16|0x0000000705e00000, 0x0000000705e00000, 0x0000000706000000|  0%| F|  |TAMS 0x0000000705e00000| PB 0x0000000705e00000| Untracked 
|  17|0x0000000706000000, 0x0000000706000000, 0x0000000706200000|  0%| F|  |TAMS 0x0000000706000000| PB 0x0000000706000000| Untracked 
|  18|0x0000000706200000, 0x0000000706200000, 0x0000000706400000|  0%| F|  |TAMS 0x0000000706200000| PB 0x0000000706200000| Untracked 
|  19|0x0000000706400000, 0x0000000706400000, 0x0000000706600000|  0%| F|  |TAMS 0x0000000706400000| PB 0x0000000706400000| Untracked 
|  20|0x0000000706600000, 0x0000000706600000, 0x0000000706800000|  0%| F|  |TAMS 0x0000000706600000| PB 0x0000000706600000| Untracked 
|  21|0x0000000706800000, 0x0000000706800000, 0x0000000706a00000|  0%| F|  |TAMS 0x0000000706800000| PB 0x0000000706800000| Untracked 
|  22|0x0000000706a00000, 0x0000000706a00000, 0x0000000706c00000|  0%| F|  |TAMS 0x0000000706a00000| PB 0x0000000706a00000| Untracked 
|  23|0x0000000706c00000, 0x0000000706c00000, 0x0000000706e00000|  0%| F|  |TAMS 0x0000000706c00000| PB 0x0000000706c00000| Untracked 
|  24|0x0000000706e00000, 0x0000000706e00000, 0x0000000707000000|  0%| F|  |TAMS 0x0000000706e00000| PB 0x0000000706e00000| Untracked 
|  25|0x0000000707000000, 0x0000000707000000, 0x0000000707200000|  0%| F|  |TAMS 0x0000000707000000| PB 0x0000000707000000| Untracked 
|  26|0x0000000707200000, 0x0000000707200000, 0x0000000707400000|  0%| F|  |TAMS 0x0000000707200000| PB 0x0000000707200000| Untracked 
|  27|0x0000000707400000, 0x0000000707400000, 0x0000000707600000|  0%| F|  |TAMS 0x0000000707400000| PB 0x0000000707400000| Untracked 
|  28|0x0000000707600000, 0x0000000707600000, 0x0000000707800000|  0%| F|  |TAMS 0x0000000707600000| PB 0x0000000707600000| Untracked 
|  29|0x0000000707800000, 0x0000000707800000, 0x0000000707a00000|  0%| F|  |TAMS 0x0000000707800000| PB 0x0000000707800000| Untracked 
|  30|0x0000000707a00000, 0x0000000707a00000, 0x0000000707c00000|  0%| F|  |TAMS 0x0000000707a00000| PB 0x0000000707a00000| Untracked 
|  31|0x0000000707c00000, 0x0000000707c00000, 0x0000000707e00000|  0%| F|  |TAMS 0x0000000707c00000| PB 0x0000000707c00000| Untracked 
|  32|0x0000000707e00000, 0x0000000707e00000, 0x0000000708000000|  0%| F|  |TAMS 0x0000000707e00000| PB 0x0000000707e00000| Untracked 
|  33|0x0000000708000000, 0x0000000708000000, 0x0000000708200000|  0%| F|  |TAMS 0x0000000708000000| PB 0x0000000708000000| Untracked 
|  34|0x0000000708200000, 0x0000000708200000, 0x0000000708400000|  0%| F|  |TAMS 0x0000000708200000| PB 0x0000000708200000| Untracked 
|  35|0x0000000708400000, 0x0000000708400000, 0x0000000708600000|  0%| F|  |TAMS 0x0000000708400000| PB 0x0000000708400000| Untracked 
|  36|0x0000000708600000, 0x0000000708600000, 0x0000000708800000|  0%| F|  |TAMS 0x0000000708600000| PB 0x0000000708600000| Untracked 
|  37|0x0000000708800000, 0x0000000708800000, 0x0000000708a00000|  0%| F|  |TAMS 0x0000000708800000| PB 0x0000000708800000| Untracked 
|  38|0x0000000708a00000, 0x0000000708a00000, 0x0000000708c00000|  0%| F|  |TAMS 0x0000000708a00000| PB 0x0000000708a00000| Untracked 
|  39|0x0000000708c00000, 0x0000000708c00000, 0x0000000708e00000|  0%| F|  |TAMS 0x0000000708c00000| PB 0x0000000708c00000| Untracked 
|  40|0x0000000708e00000, 0x0000000708e00000, 0x0000000709000000|  0%| F|  |TAMS 0x0000000708e00000| PB 0x0000000708e00000| Untracked 
|  41|0x0000000709000000, 0x0000000709000000, 0x0000000709200000|  0%| F|  |TAMS 0x0000000709000000| PB 0x0000000709000000| Untracked 
|  42|0x0000000709200000, 0x0000000709200000, 0x0000000709400000|  0%| F|  |TAMS 0x0000000709200000| PB 0x0000000709200000| Untracked 
|  43|0x0000000709400000, 0x0000000709400000, 0x0000000709600000|  0%| F|  |TAMS 0x0000000709400000| PB 0x0000000709400000| Untracked 
|  44|0x0000000709600000, 0x0000000709600000, 0x0000000709800000|  0%| F|  |TAMS 0x0000000709600000| PB 0x0000000709600000| Untracked 
|  45|0x0000000709800000, 0x0000000709800000, 0x0000000709a00000|  0%| F|  |TAMS 0x0000000709800000| PB 0x0000000709800000| Untracked 
|  46|0x0000000709a00000, 0x0000000709a00000, 0x0000000709c00000|  0%| F|  |TAMS 0x0000000709a00000| PB 0x0000000709a00000| Untracked 
|  47|0x0000000709c00000, 0x0000000709c00000, 0x0000000709e00000|  0%| F|  |TAMS 0x0000000709c00000| PB 0x0000000709c00000| Untracked 
|  48|0x0000000709e00000, 0x0000000709e00000, 0x000000070a000000|  0%| F|  |TAMS 0x0000000709e00000| PB 0x0000000709e00000| Untracked 
|  49|0x000000070a000000, 0x000000070a000000, 0x000000070a200000|  0%| F|  |TAMS 0x000000070a000000| PB 0x000000070a000000| Untracked 
|  50|0x000000070a200000, 0x000000070a200000, 0x000000070a400000|  0%| F|  |TAMS 0x000000070a200000| PB 0x000000070a200000| Untracked 
|  51|0x000000070a400000, 0x000000070a400000, 0x000000070a600000|  0%| F|  |TAMS 0x000000070a400000| PB 0x000000070a400000| Untracked 
|  52|0x000000070a600000, 0x000000070a600000, 0x000000070a800000|  0%| F|  |TAMS 0x000000070a600000| PB 0x000000070a600000| Untracked 
|  53|0x000000070a800000, 0x000000070a800000, 0x000000070aa00000|  0%| F|  |TAMS 0x000000070a800000| PB 0x000000070a800000| Untracked 
|  54|0x000000070aa00000, 0x000000070aa00000, 0x000000070ac00000|  0%| F|  |TAMS 0x000000070aa00000| PB 0x000000070aa00000| Untracked 
|  55|0x000000070ac00000, 0x000000070ac00000, 0x000000070ae00000|  0%| F|  |TAMS 0x000000070ac00000| PB 0x000000070ac00000| Untracked 
|  56|0x000000070ae00000, 0x000000070ae00000, 0x000000070b000000|  0%| F|  |TAMS 0x000000070ae00000| PB 0x000000070ae00000| Untracked 
|  57|0x000000070b000000, 0x000000070b000000, 0x000000070b200000|  0%| F|  |TAMS 0x000000070b000000| PB 0x000000070b000000| Untracked 
|  58|0x000000070b200000, 0x000000070b200000, 0x000000070b400000|  0%| F|  |TAMS 0x000000070b200000| PB 0x000000070b200000| Untracked 
|  59|0x000000070b400000, 0x000000070b400000, 0x000000070b600000|  0%| F|  |TAMS 0x000000070b400000| PB 0x000000070b400000| Untracked 
|  60|0x000000070b600000, 0x000000070b600000, 0x000000070b800000|  0%| F|  |TAMS 0x000000070b600000| PB 0x000000070b600000| Untracked 
|  61|0x000000070b800000, 0x000000070b800000, 0x000000070ba00000|  0%| F|  |TAMS 0x000000070b800000| PB 0x000000070b800000| Untracked 
|  62|0x000000070ba00000, 0x000000070ba00000, 0x000000070bc00000|  0%| F|  |TAMS 0x000000070ba00000| PB 0x000000070ba00000| Untracked 
|  63|0x000000070bc00000, 0x000000070bc00000, 0x000000070be00000|  0%| F|  |TAMS 0x000000070bc00000| PB 0x000000070bc00000| Untracked 
|  64|0x000000070be00000, 0x000000070be00000, 0x000000070c000000|  0%| F|  |TAMS 0x000000070be00000| PB 0x000000070be00000| Untracked 
|  65|0x000000070c000000, 0x000000070c000000, 0x000000070c200000|  0%| F|  |TAMS 0x000000070c000000| PB 0x000000070c000000| Untracked 
|  66|0x000000070c200000, 0x000000070c200000, 0x000000070c400000|  0%| F|  |TAMS 0x000000070c200000| PB 0x000000070c200000| Untracked 
|  67|0x000000070c400000, 0x000000070c400000, 0x000000070c600000|  0%| F|  |TAMS 0x000000070c400000| PB 0x000000070c400000| Untracked 
|  68|0x000000070c600000, 0x000000070c600000, 0x000000070c800000|  0%| F|  |TAMS 0x000000070c600000| PB 0x000000070c600000| Untracked 
|  69|0x000000070c800000, 0x000000070c800000, 0x000000070ca00000|  0%| F|  |TAMS 0x000000070c800000| PB 0x000000070c800000| Untracked 
|  70|0x000000070ca00000, 0x000000070ca00000, 0x000000070cc00000|  0%| F|  |TAMS 0x000000070ca00000| PB 0x000000070ca00000| Untracked 
|  71|0x000000070cc00000, 0x000000070cc00000, 0x000000070ce00000|  0%| F|  |TAMS 0x000000070cc00000| PB 0x000000070cc00000| Untracked 
|  72|0x000000070ce00000, 0x000000070ce00000, 0x000000070d000000|  0%| F|  |TAMS 0x000000070ce00000| PB 0x000000070ce00000| Untracked 
|  73|0x000000070d000000, 0x000000070d000000, 0x000000070d200000|  0%| F|  |TAMS 0x000000070d000000| PB 0x000000070d000000| Untracked 
|  74|0x000000070d200000, 0x000000070d200000, 0x000000070d400000|  0%| F|  |TAMS 0x000000070d200000| PB 0x000000070d200000| Untracked 
|  75|0x000000070d400000, 0x000000070d400000, 0x000000070d600000|  0%| F|  |TAMS 0x000000070d400000| PB 0x000000070d400000| Untracked 
|  76|0x000000070d600000, 0x000000070d600000, 0x000000070d800000|  0%| F|  |TAMS 0x000000070d600000| PB 0x000000070d600000| Untracked 
|  77|0x000000070d800000, 0x000000070d800000, 0x000000070da00000|  0%| F|  |TAMS 0x000000070d800000| PB 0x000000070d800000| Untracked 
|  78|0x000000070da00000, 0x000000070da00000, 0x000000070dc00000|  0%| F|  |TAMS 0x000000070da00000| PB 0x000000070da00000| Untracked 
|  79|0x000000070dc00000, 0x000000070dc00000, 0x000000070de00000|  0%| F|  |TAMS 0x000000070dc00000| PB 0x000000070dc00000| Untracked 
|  80|0x000000070de00000, 0x000000070de00000, 0x000000070e000000|  0%| F|  |TAMS 0x000000070de00000| PB 0x000000070de00000| Untracked 
|  81|0x000000070e000000, 0x000000070e000000, 0x000000070e200000|  0%| F|  |TAMS 0x000000070e000000| PB 0x000000070e000000| Untracked 
|  82|0x000000070e200000, 0x000000070e200000, 0x000000070e400000|  0%| F|  |TAMS 0x000000070e200000| PB 0x000000070e200000| Untracked 
|  83|0x000000070e400000, 0x000000070e400000, 0x000000070e600000|  0%| F|  |TAMS 0x000000070e400000| PB 0x000000070e400000| Untracked 
|  84|0x000000070e600000, 0x000000070e600000, 0x000000070e800000|  0%| F|  |TAMS 0x000000070e600000| PB 0x000000070e600000| Untracked 
|  85|0x000000070e800000, 0x000000070e800000, 0x000000070ea00000|  0%| F|  |TAMS 0x000000070e800000| PB 0x000000070e800000| Untracked 
|  86|0x000000070ea00000, 0x000000070ea00000, 0x000000070ec00000|  0%| F|  |TAMS 0x000000070ea00000| PB 0x000000070ea00000| Untracked 
|  87|0x000000070ec00000, 0x000000070ec00000, 0x000000070ee00000|  0%| F|  |TAMS 0x000000070ec00000| PB 0x000000070ec00000| Untracked 
|  88|0x000000070ee00000, 0x000000070ee00000, 0x000000070f000000|  0%| F|  |TAMS 0x000000070ee00000| PB 0x000000070ee00000| Untracked 
|  89|0x000000070f000000, 0x000000070f000000, 0x000000070f200000|  0%| F|  |TAMS 0x000000070f000000| PB 0x000000070f000000| Untracked 
|  90|0x000000070f200000, 0x000000070f200000, 0x000000070f400000|  0%| F|  |TAMS 0x000000070f200000| PB 0x000000070f200000| Untracked 
|  91|0x000000070f400000, 0x000000070f400000, 0x000000070f600000|  0%| F|  |TAMS 0x000000070f400000| PB 0x000000070f400000| Untracked 
|  92|0x000000070f600000, 0x000000070f600000, 0x000000070f800000|  0%| F|  |TAMS 0x000000070f600000| PB 0x000000070f600000| Untracked 
|  93|0x000000070f800000, 0x000000070f800000, 0x000000070fa00000|  0%| F|  |TAMS 0x000000070f800000| PB 0x000000070f800000| Untracked 
|  94|0x000000070fa00000, 0x000000070fa00000, 0x000000070fc00000|  0%| F|  |TAMS 0x000000070fa00000| PB 0x000000070fa00000| Untracked 
|  95|0x000000070fc00000, 0x000000070fc00000, 0x000000070fe00000|  0%| F|  |TAMS 0x000000070fc00000| PB 0x000000070fc00000| Untracked 
|  96|0x000000070fe00000, 0x000000070fe00000, 0x0000000710000000|  0%| F|  |TAMS 0x000000070fe00000| PB 0x000000070fe00000| Untracked 
|  97|0x0000000710000000, 0x0000000710000000, 0x0000000710200000|  0%| F|  |TAMS 0x0000000710000000| PB 0x0000000710000000| Untracked 
|  98|0x0000000710200000, 0x0000000710200000, 0x0000000710400000|  0%| F|  |TAMS 0x0000000710200000| PB 0x0000000710200000| Untracked 
|  99|0x0000000710400000, 0x0000000710400000, 0x0000000710600000|  0%| F|  |TAMS 0x0000000710400000| PB 0x0000000710400000| Untracked 
| 100|0x0000000710600000, 0x0000000710600000, 0x0000000710800000|  0%| F|  |TAMS 0x0000000710600000| PB 0x0000000710600000| Untracked 
| 101|0x0000000710800000, 0x0000000710800000, 0x0000000710a00000|  0%| F|  |TAMS 0x0000000710800000| PB 0x0000000710800000| Untracked 
| 102|0x0000000710a00000, 0x0000000710a00000, 0x0000000710c00000|  0%| F|  |TAMS 0x0000000710a00000| PB 0x0000000710a00000| Untracked 
| 103|0x0000000710c00000, 0x0000000710c00000, 0x0000000710e00000|  0%| F|  |TAMS 0x0000000710c00000| PB 0x0000000710c00000| Untracked 
| 104|0x0000000710e00000, 0x0000000710e00000, 0x0000000711000000|  0%| F|  |TAMS 0x0000000710e00000| PB 0x0000000710e00000| Untracked 
| 105|0x0000000711000000, 0x0000000711000000, 0x0000000711200000|  0%| F|  |TAMS 0x0000000711000000| PB 0x0000000711000000| Untracked 
| 106|0x0000000711200000, 0x0000000711200000, 0x0000000711400000|  0%| F|  |TAMS 0x0000000711200000| PB 0x0000000711200000| Untracked 
| 107|0x0000000711400000, 0x0000000711400000, 0x0000000711600000|  0%| F|  |TAMS 0x0000000711400000| PB 0x0000000711400000| Untracked 
| 108|0x0000000711600000, 0x0000000711600000, 0x0000000711800000|  0%| F|  |TAMS 0x0000000711600000| PB 0x0000000711600000| Untracked 
| 109|0x0000000711800000, 0x0000000711800000, 0x0000000711a00000|  0%| F|  |TAMS 0x0000000711800000| PB 0x0000000711800000| Untracked 
| 110|0x0000000711a00000, 0x0000000711a00000, 0x0000000711c00000|  0%| F|  |TAMS 0x0000000711a00000| PB 0x0000000711a00000| Untracked 
| 111|0x0000000711c00000, 0x0000000711c00000, 0x0000000711e00000|  0%| F|  |TAMS 0x0000000711c00000| PB 0x0000000711c00000| Untracked 
| 112|0x0000000711e00000, 0x0000000711e00000, 0x0000000712000000|  0%| F|  |TAMS 0x0000000711e00000| PB 0x0000000711e00000| Untracked 
| 113|0x0000000712000000, 0x0000000712000000, 0x0000000712200000|  0%| F|  |TAMS 0x0000000712000000| PB 0x0000000712000000| Untracked 
| 114|0x0000000712200000, 0x0000000712200000, 0x0000000712400000|  0%| F|  |TAMS 0x0000000712200000| PB 0x0000000712200000| Untracked 
| 115|0x0000000712400000, 0x0000000712400000, 0x0000000712600000|  0%| F|  |TAMS 0x0000000712400000| PB 0x0000000712400000| Untracked 
| 116|0x0000000712600000, 0x0000000712600000, 0x0000000712800000|  0%| F|  |TAMS 0x0000000712600000| PB 0x0000000712600000| Untracked 
| 117|0x0000000712800000, 0x0000000712800000, 0x0000000712a00000|  0%| F|  |TAMS 0x0000000712800000| PB 0x0000000712800000| Untracked 
| 118|0x0000000712a00000, 0x0000000712a00000, 0x0000000712c00000|  0%| F|  |TAMS 0x0000000712a00000| PB 0x0000000712a00000| Untracked 
| 119|0x0000000712c00000, 0x0000000712c00000, 0x0000000712e00000|  0%| F|  |TAMS 0x0000000712c00000| PB 0x0000000712c00000| Untracked 
| 120|0x0000000712e00000, 0x0000000712e00000, 0x0000000713000000|  0%| F|  |TAMS 0x0000000712e00000| PB 0x0000000712e00000| Untracked 
| 121|0x0000000713000000, 0x0000000713000000, 0x0000000713200000|  0%| F|  |TAMS 0x0000000713000000| PB 0x0000000713000000| Untracked 
| 122|0x0000000713200000, 0x0000000713200000, 0x0000000713400000|  0%| F|  |TAMS 0x0000000713200000| PB 0x0000000713200000| Untracked 
| 123|0x0000000713400000, 0x0000000713400000, 0x0000000713600000|  0%| F|  |TAMS 0x0000000713400000| PB 0x0000000713400000| Untracked 
| 124|0x0000000713600000, 0x0000000713600000, 0x0000000713800000|  0%| F|  |TAMS 0x0000000713600000| PB 0x0000000713600000| Untracked 
| 125|0x0000000713800000, 0x00000007139c3810, 0x0000000713a00000| 88%| E|  |TAMS 0x0000000713800000| PB 0x0000000713800000| Complete 
| 126|0x0000000713a00000, 0x0000000713c00000, 0x0000000713c00000|100%| E|CS|TAMS 0x0000000713a00000| PB 0x0000000713a00000| Complete 

Card table byte_map: [0x0000018876870000,0x0000018877060000] _byte_map_base: 0x0000018873051000

Marking Bits: (CMBitMap*) 0x000001886cefcdc0
 Bits: [0x0000018877060000, 0x000001887af68000)

Polling page: 0x000001886b610000

Metaspace:

Usage:
  Non-class:    794.85 KB used.
      Class:     85.67 KB used.
       Both:    880.52 KB used.

Virtual space:
  Non-class space:       64.00 MB reserved,     832.00 KB (  1%) committed,  1 nodes.
      Class space:        1.00 GB reserved,     192.00 KB ( <1%) committed,  1 nodes.
             Both:        1.06 GB reserved,       1.00 MB ( <1%) committed. 

Chunk freelists:
   Non-Class:  11.75 MB
       Class:  15.68 MB
        Both:  27.43 MB

MaxMetaspaceSize: unlimited
CompressedClassSpaceSize: 1.00 GB
Initial GC threshold: 21.00 MB
Current GC threshold: 21.00 MB
CDS: on
 - commit_granule_bytes: 65536.
 - commit_granule_words: 8192.
 - virtual_space_node_default_size: 8388608.
 - enlarge_chunks_in_place: 1.
 - use_allocation_guard: 0.


Internal statistics:

num_allocs_failed_limit: 0.
num_arena_births: 54.
num_arena_deaths: 0.
num_vsnodes_births: 2.
num_vsnodes_deaths: 0.
num_space_committed: 16.
num_space_uncommitted: 0.
num_chunks_returned_to_freelist: 0.
num_chunks_taken_from_freelist: 75.
num_chunk_merges: 0.
num_chunk_splits: 48.
num_chunks_enlarged: 28.
num_inconsistent_stats: 0.

CodeHeap 'non-profiled nmethods': size=120000Kb used=110Kb max_used=110Kb free=119889Kb
 bounds [0x0000018807ad0000, 0x0000018807d40000, 0x000001880f000000]
CodeHeap 'profiled nmethods': size=120000Kb used=401Kb max_used=401Kb free=119598Kb
 bounds [0x0000018800000000, 0x0000018800270000, 0x0000018807530000]
CodeHeap 'non-nmethods': size=5760Kb used=1289Kb max_used=1304Kb free=4470Kb
 bounds [0x0000018807530000, 0x00000188077a0000, 0x0000018807ad0000]
 total_blobs=729 nmethods=323 adapters=310
 compilation: enabled
              stopped_count=0, restarted_count=0
 full_count=0

Compilation events (20 events):
Event: 0.107 Thread 0x000001887dbec7f0  201       1       java.lang.invoke.MethodHandle::type (5 bytes)
Event: 0.107 Thread 0x000001887dbec7f0 nmethod 201 0x0000018807ae2290 code [0x0000018807ae2420, 0x0000018807ae24f0]
Event: 0.107 Thread 0x000001887dbec7f0  203       1       java.lang.invoke.MethodTypeForm::erasedType (5 bytes)
Event: 0.107 Thread 0x000001887dbec7f0 nmethod 203 0x0000018807ae2590 code [0x0000018807ae2720, 0x0000018807ae27f0]
Event: 0.107 Thread 0x000001887dbec7f0  205       3       jdk.internal.org.objectweb.asm.SymbolTable$Entry::<init> (17 bytes)
Event: 0.107 Thread 0x000001887dbec7f0 nmethod 205 0x0000018800034790 code [0x0000018800034940, 0x0000018800034ac0]
Event: 0.107 Thread 0x000001887dbec7f0  206       3       java.lang.StringLatin1::newString (24 bytes)
Event: 0.107 Thread 0x000001887dbec7f0 nmethod 206 0x0000018800034b90 code [0x0000018800034e60, 0x0000018800035c48]
Event: 0.107 Thread 0x000001887dbec7f0  208       3       jdk.internal.org.objectweb.asm.SymbolTable::addConstantUtf8 (98 bytes)
Event: 0.108 Thread 0x000001887dbec7f0 nmethod 208 0x0000018800036110 code [0x0000018800036340, 0x0000018800036968]
Event: 0.108 Thread 0x000001887dbec7f0  210       3       jdk.internal.org.objectweb.asm.ByteVector::putByte (39 bytes)
Event: 0.108 Thread 0x000001887dbec7f0 nmethod 210 0x0000018800036c90 code [0x0000018800036e40, 0x0000018800037030]
Event: 0.108 Thread 0x000001887dbec7f0  207       1       sun.invoke.util.Wrapper::basicTypeChar (5 bytes)
Event: 0.108 Thread 0x000001887dbec7f0 nmethod 207 0x0000018807ae3690 code [0x0000018807ae3820, 0x0000018807ae38f0]
Event: 0.108 Thread 0x000001887dbec7f0  214       3       java.lang.invoke.LambdaForm$BasicType::basicType (8 bytes)
Event: 0.108 Thread 0x000001887dbec7f0 nmethod 214 0x0000018800037190 code [0x0000018800037360, 0x00000188000375a0]
Event: 0.108 Thread 0x000001887dbec7f0  215       3       sun.invoke.util.Wrapper::basicTypeChar (18 bytes)
Event: 0.108 Thread 0x000001887dbec7f0 nmethod 215 0x0000018800037710 code [0x00000188000378c0, 0x0000018800037a98]
Event: 0.108 Thread 0x000001887dbec7f0  216       3       jdk.internal.org.objectweb.asm.Frame::execute (2305 bytes)
Event: 0.112 Thread 0x000001887dbeb040  228   !   4       java.nio.DirectByteBuffer::get (34 bytes)

GC Heap History (0 events):
No events

Dll operation events (7 events):
Event: 0.007 Loaded shared library C:\Program Files\Java\jdk-21\bin\java.dll
Event: 0.042 Loaded shared library C:\Program Files\Java\jdk-21\bin\jsvml.dll
Event: 0.059 Loaded shared library C:\Program Files\Java\jdk-21\bin\net.dll
Event: 0.060 Loaded shared library C:\Program Files\Java\jdk-21\bin\nio.dll
Event: 0.064 Loaded shared library C:\Program Files\Java\jdk-21\bin\zip.dll
Event: 0.068 Loaded shared library C:\Program Files\Java\jdk-21\bin\jimage.dll
Event: 0.085 Loaded shared library C:\Program Files\Java\jdk-21\bin\attach.dll

Deoptimization events (0 events):
No events

Classes loaded (20 events):
Event: 0.093 Loading class java/util/Timer
Event: 0.094 Loading class java/util/Timer done
Event: 0.094 Loading class java/io/FilenameFilter
Event: 0.094 Loading class java/io/FilenameFilter done
Event: 0.096 Loading class java/util/regex/Pattern$BnM
Event: 0.096 Loading class java/util/regex/Pattern$BnM done
Event: 0.096 Loading class java/util/regex/Pattern$SliceS
Event: 0.097 Loading class java/util/regex/Pattern$SliceS done
Event: 0.099 Loading class java/lang/IllegalAccessException
Event: 0.099 Loading class java/lang/IllegalAccessException done
Event: 0.099 Loading class java/lang/InstantiationException
Event: 0.099 Loading class java/lang/InstantiationException done
Event: 0.099 Loading class java/lang/reflect/InvocationTargetException
Event: 0.099 Loading class java/lang/reflect/InvocationTargetException done
Event: 0.103 Loading class jdk/internal/perf/Perf$CleanerAction
Event: 0.103 Loading class jdk/internal/perf/Perf$CleanerAction done
Event: 0.111 Loading class java/net/MalformedURLException
Event: 0.111 Loading class java/net/MalformedURLException done
Event: 0.111 Loading class java/lang/InterruptedException
Event: 0.111 Loading class java/lang/InterruptedException done

Classes unloaded (0 events):
No events

Classes redefined (0 events):
No events

Internal exceptions (0 events):
No events

ZGC Phase Switch (0 events):
No events

VM Operations (2 events):
Event: 0.064 Executing VM operation: HandshakeAllThreads (Deoptimize)
Event: 0.065 Executing VM operation: HandshakeAllThreads (Deoptimize) done

Events (11 events):
Event: 0.024 Thread 0x000001886ce99500 Thread added: 0x000001886ce99500
Event: 0.039 Thread 0x000001887dbc4eb0 Thread added: 0x000001887dbc4eb0
Event: 0.039 Thread 0x000001887dbca830 Thread added: 0x000001887dbca830
Event: 0.039 Thread 0x000001887dbd14a0 Thread added: 0x000001887dbd14a0
Event: 0.039 Thread 0x000001887dbd1ef0 Thread added: 0x000001887dbd1ef0
Event: 0.040 Thread 0x000001887dbd5670 Thread added: 0x000001887dbd5670
Event: 0.040 Thread 0x000001887dbd6de0 Thread added: 0x000001887dbd6de0
Event: 0.040 Thread 0x000001887dbeb040 Thread added: 0x000001887dbeb040
Event: 0.040 Thread 0x000001887dbec7f0 Thread added: 0x000001887dbec7f0
Event: 0.054 Thread 0x000001887dea7f90 Thread added: 0x000001887dea7f90
Event: 0.056 Thread 0x000001887ded8e50 Thread added: 0x000001887ded8e50


Dynamic libraries:
0x00007ff6a9d40000 - 0x00007ff6a9d50000 	C:\Program Files\Java\jdk-21\bin\java.exe
0x00007ffa07340000 - 0x00007ffa075a8000 	C:\WINDOWS\SYSTEM32\ntdll.dll
0x00007ffa067d0000 - 0x00007ffa06899000 	C:\WINDOWS\System32\KERNEL32.DLL
0x00007ffa04a20000 - 0x00007ffa04e18000 	C:\WINDOWS\System32\KERNELBASE.dll
0x00007ffa04760000 - 0x00007ffa048ab000 	C:\WINDOWS\System32\ucrtbase.dll
0x00007ff9f98a0000 - 0x00007ff9f98bb000 	C:\Program Files\Java\jdk-21\bin\VCRUNTIME140.dll
0x00007ff9ff270000 - 0x00007ff9ff289000 	C:\Program Files\Java\jdk-21\bin\jli.dll
0x00007ffa068b0000 - 0x00007ffa06964000 	C:\WINDOWS\System32\ADVAPI32.dll
0x00007ffa05cc0000 - 0x00007ffa05d69000 	C:\WINDOWS\System32\msvcrt.dll
0x00007ffa06720000 - 0x00007ffa067c6000 	C:\WINDOWS\System32\sechost.dll
0x00007ffa06a40000 - 0x00007ffa06b58000 	C:\WINDOWS\System32\RPCRT4.dll
0x00007ffa050e0000 - 0x00007ffa052a7000 	C:\WINDOWS\System32\USER32.dll
0x00007ff9f0ba0000 - 0x00007ff9f0e34000 	C:\WINDOWS\WinSxS\amd64_microsoft.windows.common-controls_6595b64144ccf1df_6.0.26100.7019_none_3e06ffa0e335b8a8\COMCTL32.dll
0x00007ffa04730000 - 0x00007ffa04757000 	C:\WINDOWS\System32\win32u.dll
0x00007ffa05bd0000 - 0x00007ffa05bfb000 	C:\WINDOWS\System32\GDI32.dll
0x00007ffa04540000 - 0x00007ffa0466c000 	C:\WINDOWS\System32\gdi32full.dll
0x00007ffa04eb0000 - 0x00007ffa04f53000 	C:\WINDOWS\System32\msvcp_win.dll
0x00007ff9fbf50000 - 0x00007ff9fbf5b000 	C:\WINDOWS\SYSTEM32\VERSION.dll
0x00007ffa05c00000 - 0x00007ffa05c31000 	C:\WINDOWS\System32\IMM32.DLL
0x00007ffa01160000 - 0x00007ffa0116c000 	C:\Program Files\Java\jdk-21\bin\vcruntime140_1.dll
0x00007ff9dd490000 - 0x00007ff9dd51e000 	C:\Program Files\Java\jdk-21\bin\msvcp140.dll
0x00007ff9953f0000 - 0x00007ff99610d000 	C:\Program Files\Java\jdk-21\bin\server\jvm.dll
0x00007ffa066a0000 - 0x00007ffa06714000 	C:\WINDOWS\System32\WS2_32.dll
0x00007ffa042f0000 - 0x00007ffa0434e000 	C:\WINDOWS\SYSTEM32\POWRPROF.dll
0x00007ff9f10d0000 - 0x00007ff9f1105000 	C:\WINDOWS\SYSTEM32\WINMM.dll
0x00007ffa042d0000 - 0x00007ffa042e4000 	C:\WINDOWS\SYSTEM32\UMPDC.dll
0x00007ffa030e0000 - 0x00007ffa030fb000 	C:\WINDOWS\SYSTEM32\kernel.appcore.dll
0x00007ff9f99b0000 - 0x00007ff9f99ba000 	C:\Program Files\Java\jdk-21\bin\jimage.dll
0x00007ff9d7370000 - 0x00007ff9d75b2000 	C:\WINDOWS\SYSTEM32\DBGHELP.DLL
0x00007ffa06f70000 - 0x00007ffa072fb000 	C:\WINDOWS\System32\combase.dll
0x00007ffa05ad0000 - 0x00007ffa05ba7000 	C:\WINDOWS\System32\OLEAUT32.dll
0x00007ff9d5030000 - 0x00007ff9d506c000 	C:\WINDOWS\SYSTEM32\dbgcore.DLL
0x00007ffa04490000 - 0x00007ffa04535000 	C:\WINDOWS\System32\bcryptPrimitives.dll
0x00007ff9f3210000 - 0x00007ff9f322f000 	C:\Program Files\Java\jdk-21\bin\java.dll
0x00007ffa052b0000 - 0x00007ffa059ff000 	C:\WINDOWS\System32\SHELL32.dll
0x00007ffa048b0000 - 0x00007ffa04a1b000 	C:\WINDOWS\System32\wintypes.dll
0x00007ffa01d60000 - 0x00007ffa025bd000 	C:\WINDOWS\SYSTEM32\windows.storage.dll
0x00007ffa06e70000 - 0x00007ffa06f62000 	C:\WINDOWS\System32\SHCORE.dll
0x00007ffa06970000 - 0x00007ffa069d7000 	C:\WINDOWS\System32\shlwapi.dll
0x00007ffa043b0000 - 0x00007ffa043d9000 	C:\WINDOWS\SYSTEM32\profapi.dll
0x00007ff9d9780000 - 0x00007ff9d9857000 	C:\Program Files\Java\jdk-21\bin\jsvml.dll
0x00007ff9f0200000 - 0x00007ff9f0210000 	C:\Program Files\Java\jdk-21\bin\net.dll
0x00007ffa03100000 - 0x00007ffa03228000 	C:\WINDOWS\SYSTEM32\WINHTTP.dll
0x00007ffa03760000 - 0x00007ffa037cb000 	C:\WINDOWS\system32\mswsock.dll
0x00007ff9ec4f0000 - 0x00007ff9ec506000 	C:\Program Files\Java\jdk-21\bin\nio.dll
0x00007ff9e9920000 - 0x00007ff9e9938000 	C:\Program Files\Java\jdk-21\bin\zip.dll
0x00007ff9e9640000 - 0x00007ff9e9649000 	C:\Program Files\Java\jdk-21\bin\attach.dll
0x00007ffa06a30000 - 0x00007ffa06a38000 	C:\WINDOWS\System32\PSAPI.DLL

dbghelp: loaded successfully - version: 4.0.5 - missing functions: none
symbol engine: initialized successfully - sym options: 0x614 - pdb path: .;C:\Program Files\Java\jdk-21\bin;C:\WINDOWS\SYSTEM32;C:\WINDOWS\WinSxS\amd64_microsoft.windows.common-controls_6595b64144ccf1df_6.0.26100.7019_none_3e06ffa0e335b8a8;C:\Program Files\Java\jdk-21\bin\server

VM Arguments:
jvm_args: -Dnet.bytebuddy.agent.attacher.dump= 
java_command: net.bytebuddy.agent.Attacher com.sun.tools.attach.VirtualMachine 4024 C:\Users\jgalves\.m2\repository\net\bytebuddy\byte-buddy-agent\1.17.8\byte-buddy-agent-1.17.8.jar false 
java_class_path (initial): C:\Users\jgalves\.m2\repository\net\bytebuddy\byte-buddy-agent\1.17.8\byte-buddy-agent-1.17.8.jar
Launcher Type: SUN_STANDARD

[Global flags]
     intx CICompilerCount                          = 4                                         {product} {ergonomic}
     uint ConcGCThreads                            = 3                                         {product} {ergonomic}
     uint G1ConcRefinementThreads                  = 10                                        {product} {ergonomic}
   size_t G1HeapRegionSize                         = 2097152                                   {product} {ergonomic}
    uintx GCDrainStackTargetSize                   = 64                                        {product} {ergonomic}
   size_t InitialHeapSize                          = 266338304                                 {product} {ergonomic}
   size_t MarkStackSize                            = 4194304                                   {product} {ergonomic}
   size_t MaxHeapSize                              = 4229955584                                {product} {ergonomic}
   size_t MaxNewSize                               = 2537553920                                {product} {ergonomic}
   size_t MinHeapDeltaBytes                        = 2097152                                   {product} {ergonomic}
   size_t MinHeapSize                              = 8388608                                   {product} {ergonomic}
    uintx NonNMethodCodeHeapSize                   = 5839372                                {pd product} {ergonomic}
    uintx NonProfiledCodeHeapSize                  = 122909434                              {pd product} {ergonomic}
    uintx ProfiledCodeHeapSize                     = 122909434                              {pd product} {ergonomic}
    uintx ReservedCodeCacheSize                    = 251658240                              {pd product} {ergonomic}
     bool SegmentedCodeCache                       = true                                      {product} {ergonomic}
   size_t SoftMaxHeapSize                          = 4229955584                             {manageable} {ergonomic}
     bool UseCompressedOops                        = true                           {product lp64_product} {ergonomic}
     bool UseG1GC                                  = true                                      {product} {ergonomic}
     bool UseLargePagesIndividualAllocation        = false                                  {pd product} {ergonomic}

Logging:
Log output configuration:
 #0: stdout all=warning uptime,level,tags foldmultilines=false
 #1: stderr all=off uptime,level,tags foldmultilines=false

Environment Variables:
JAVA_HOME=C:\Program Files\Java\jdk-21
PATH=C:\Program Files\Common Files\Oracle\Java\javapath;C:\WINDOWS\system32;C:\WINDOWS;C:\WINDOWS\System32\Wbem;C:\WINDOWS\System32\WindowsPowerShell\v1.0\;C:\WINDOWS\System32\OpenSSH\;C:\Program Files\Microsoft SQL Server\150\Tools\Binn\;C:\Program Files\dotnet\;C:\Program Files\nodejs\;C:\Users\jgalves\AppData\Local\nvm;C:\nvm4w\nodejs;C:\Program Files\Docker\Docker\resources\bin;C:\Program Files\CMake\bin;C:\Program Files (x86)\Windows Kits\10\Windows Performance Toolkit\;C:\Program Files\Common Files\Oracle\Java\javapath;C:\WINDOWS\system32;C:\WINDOWS;C:\WINDOWS\System32\Wbem;C:\WINDOWS\System32\WindowsPowerShell\v1.0\;C:\WINDOWS\System32\OpenSSH\;C:\Program Files\Microsoft SQL Server\150\Tools\Binn\;C:\Program Files\Microsoft SQL Server\Client SDK\ODBC\170\Tools\Binn\;C:\Program Files\dotnet\;C:\Program Files (x86)\Windows Kits\10\Windows Performance Toolkit\;C:\Program Files\nodejs\;C:\Users\jgalves\AppData\Local\nvm;C:\nvm4w\nodejs;C:\Program Files\Docker\Docker\resources\bin;C:\Users\jgalves\AppData\Local\Microsoft\WindowsApps;C:\Users\jgalves\AppData\Local\Programs\Microsoft VS Code\bin;C:\Users\jgalves\AppData\Local\Programs\Git\cmd;C:\maven\mvn\bin;C:\Program Files\Java\jdk-21;C:\Users\jgalves\AppData\Roaming\npm;C:\Users\jgalves\AppData\Local\nvm;C:\nvm4w\nodejs;C:\Users\jgalves\.dotnet\tools;C:\Users\jgalves\AppData\Local\Android\sdk\platform-tools;C:\Users\jgalves\AppData\Local\Pub\Cache\bin;
USERNAME=jgalves
OS=Windows_NT
PROCESSOR_IDENTIFIER=Intel64 Family 6 Model 165 Stepping 3, GenuineIntel
TMP=C:\Users\jgalves\AppData\Local\Temp
TEMP=C:\Users\jgalves\AppData\Local\Temp




Periodic native trim disabled

---------------  S Y S T E M  ---------------

OS:
 Windows 11 , 64 bit Build 26100 (10.0.26100.7019)
OS uptime: 0 days 8:16 hours
Hyper-V role detected

CPU: total 12 (initial active 12) (6 cores per cpu, 2 threads per core) family 6 model 165 stepping 3 microcode 0x100, cx8, cmov, fxsr, ht, mmx, 3dnowpref, sse, sse2, sse3, ssse3, sse4.1, sse4.2, popcnt, lzcnt, tsc, tscinvbit, avx, avx2, aes, erms, clmul, bmi1, bmi2, adx, fma, vzeroupper, clflush, clflushopt, hv, rdtscp, f16c
Processor Information for all 12 processors :
  Max Mhz: 2301, Current Mhz: 2300, Mhz Limit: 2277

Memory: 4k page, system-wide physical 16131M (2969M free)
TotalPageFile size 18653M (AvailPageFile size 339M)
current process WorkingSet (physical memory assigned to process): 42M, peak: 42M
current process commit charge ("private bytes"): 344M, peak: 344M

vm_info: Java HotSpot(TM) 64-Bit Server VM (21.0.8+12-LTS-250) for windows-amd64 JRE (21.0.8+12-LTS-250), built on 2025-06-27T08:11:22Z by "mach5one" with MS VC++ 17.6 (VS2022)

END.
